// Jest Snapshot v1, https://goo.gl/fbAQLP

exports[`CommitsTable snapshots renders 1`] = `
.c1 {
  font-family: 'proxima-nova',Helvetica,Arial,sans-serif;
  font-size: 16px;
  font-weight: 400;
  text-transform: none;
  font-style: normal;
  color: #00b3ec;
}

<<<<<<< HEAD
.c0 {
=======
.c0 .MuiTableCell-head {
  font-weight: 800;
}

.c2 {
>>>>>>> main
  -webkit-text-decoration: none;
  text-decoration: none;
}

.c0.title-bar-button {
  width: 250px;
}

<div
  class=""
>
  <div
    class=""
  >
    <div
      class="MuiTableContainer-root"
    >
      <table
        aria-label="simple table"
        class="MuiTable-root"
      >
        <thead
          class="MuiTableHead-root"
        >
          <tr
            class="MuiTableRow-root MuiTableRow-head"
          >
            <th
              class="MuiTableCell-root MuiTableCell-head"
              scope="col"
            >
              SHA
            </th>
            <th
              class="MuiTableCell-root MuiTableCell-head"
              scope="col"
            >
              Date
            </th>
            <th
              class="MuiTableCell-root MuiTableCell-head"
              scope="col"
            >
              Message
            </th>
            <th
              class="MuiTableCell-root MuiTableCell-head"
              scope="col"
            >
              Author
            </th>
          </tr>
        </thead>
        <tbody
          class="MuiTableBody-root"
        >
          <tr
            class="MuiTableRow-root"
          >
            <td
              class="MuiTableCell-root MuiTableCell-body"
            >
              <a
                class="c0"
                href="/"
              >
                <span
                  class="c1"
                  color="primary"
                >
                  123abc
                </span>
              </a>
            </td>
            <td
              class="MuiTableCell-root MuiTableCell-body"
            >
              test timestamp
            </td>
            <td
              class="MuiTableCell-root MuiTableCell-body"
            />
            <td
              class="MuiTableCell-root MuiTableCell-body"
            >
              Example User
            </td>
          </tr>
        </tbody>
      </table>
    </div>
  </div>
</div>
`;
