// Jest Snapshot v1, https://goo.gl/fbAQLP

exports[`Page snapshots default 1`] = `
.c0 {
  display: -webkit-box;
  display: -webkit-flex;
  display: -ms-flexbox;
  display: flex;
  -webkit-flex-direction: column;
  -ms-flex-direction: column;
  flex-direction: column;
  -webkit-align-items: start;
  -webkit-box-align: start;
  -ms-flex-align: start;
  align-items: start;
  height: 100%;
  width: 100%;
}

.c2 {
  display: -webkit-box;
  display: -webkit-flex;
  display: -ms-flexbox;
  display: flex;
  -webkit-flex-direction: row;
  -ms-flex-direction: row;
  flex-direction: row;
  -webkit-align-items: center;
  -webkit-box-align: center;
  -ms-flex-align: center;
  align-items: center;
  width: 100%;
  -webkit-box-pack: start;
  -webkit-justify-content: flex-start;
  -ms-flex-pack: start;
  justify-content: flex-start;
  -webkit-box-pack: justify;
  -webkit-justify-content: space-between;
  -ms-flex-pack: justify;
  justify-content: space-between;
}

.c4 {
  display: -webkit-box;
  display: -webkit-flex;
  display: -ms-flexbox;
  display: flex;
  -webkit-flex-direction: row;
  -ms-flex-direction: row;
  flex-direction: row;
  -webkit-align-items: center;
  -webkit-box-align: center;
  -ms-flex-align: center;
  align-items: center;
}

.c12 {
  display: -webkit-box;
  display: -webkit-flex;
  display: -ms-flexbox;
  display: flex;
  -webkit-flex-direction: column;
  -ms-flex-direction: column;
  flex-direction: column;
  -webkit-align-items: start;
  -webkit-box-align: start;
  -ms-flex-align: start;
  align-items: start;
  width: 100%;
  -webkit-box-pack: justify;
  -webkit-justify-content: space-between;
  -ms-flex-pack: justify;
  justify-content: space-between;
}

.c15 {
  display: -webkit-box;
  display: -webkit-flex;
  display: -ms-flexbox;
  display: flex;
  -webkit-flex-direction: column;
  -ms-flex-direction: column;
  flex-direction: column;
  -webkit-align-items: start;
  -webkit-box-align: start;
  -ms-flex-align: start;
  align-items: start;
  height: 100%;
  width: 100%;
  -webkit-box-pack: start;
  -webkit-justify-content: flex-start;
  -ms-flex-pack: start;
  justify-content: flex-start;
}

.c6 {
  font-family: 'proxima-nova',Helvetica,Arial,sans-serif;
  font-size: 20px;
  font-weight: 400;
  text-transform: none;
  font-style: normal;
  color: #1a1a1a;
}

.c10 svg {
  height: 24px;
  width: 24px;
}

.c10 svg path.path-fill,
.c10 svg line.path-fill,
.c10 svg polygon.path-fill,
.c10 svg rect.path-fill,
.c10 svg circle.path-fill,
.c10 svg polyline.path-fill {
  fill: !important;
  -webkit-transition: fill 200ms cubic-bezier(0.4,0,0.2,1) 0ms;
  transition: fill 200ms cubic-bezier(0.4,0,0.2,1) 0ms;
}

.c10 svg path.stroke-fill,
.c10 svg line.stroke-fill,
.c10 svg polygon.stroke-fill,
.c10 svg rect.stroke-fill,
.c10 svg circle.stroke-fill,
.c10 svg polyline.stroke-fill {
  stroke: !important;
  -webkit-transition: stroke 200ms cubic-bezier(0.4,0,0.2,1) 0ms;
  transition: stroke 200ms cubic-bezier(0.4,0,0.2,1) 0ms;
}

.c10 svg rect.rect-height {
  height: 24px;
  width: 24px;
}

.c10.downward {
  -webkit-transform: rotate(180deg);
  -ms-transform: rotate(180deg);
  transform: rotate(180deg);
}

.c10.upward {
  -webkit-transform: initial;
  -ms-transform: initial;
  transform: initial;
}

.c10 .c5 {
  margin-left: 4px;
}

.c10 img {
  width: 24px;
}

.c7 {
  max-width: 400px;
  white-space: nowrap;
  overflow: hidden;
  text-overflow: ellipsis;
}

.c8 .MuiSwitch-thumb {
  color: #fff;
  background-image: url();
}

.c8 .MuiSwitch-track {
  background-color: #00b3ec;
}

.c9 {
  height: 40px;
  width: 40px;
}

.c9.MuiIconButton-root {
  background-color: #F6F7F9;
  color: #737373;
}

.c9.MuiIconButton-root:hover {
  background-color: #fff;
  color: #009CCC;
}

.c11 {
  height: 100%;
  width: calc(100% - 48px);
  padding: 0 24px;
  max-height: calc(100vh - 60px);
  overflow-wrap: normal;
  overflow-x: scroll;
  margin: 0px auto;
}

.c1 {
  width: 100%;
  -webkit-box-flex: 1;
  -webkit-flex-grow: 1;
  -ms-flex-positive: 1;
  flex-grow: 1;
  overflow: hidden;
}

.c13 {
  background-color: #fff;
  border-radius: 10px;
  box-sizing: border-box;
  margin: 0 auto;
  min-height: 100%;
}

.c16 {
  width: calc(100% - 48px);
  padding: 24px;
  height: 100%;
}

.c3 {
  height: 60px;
  min-width: 650px;
  z-index: 2;
  width: calc(100% - 64px);
  padding: 0 32px;
}

.c14 .MuiAlert-root {
  width: 100%;
}

<div
  className="c0 c1"
>
  <div
    className="c2 c3"
  >
    <div
      className="c4"
    >
      <div
        className="c4"
      >
        <span
          aria-describedby={null}
          className="c5 c6 c7 ellipsis"
          color="neutral40"
          data-testid="text-test"
          onBlur={[Function]}
          onFocus={[Function]}
          onMouseLeave={[Function]}
          onMouseOver={[Function]}
          onTouchEnd={[Function]}
          onTouchStart={[Function]}
          size="large"
          title="test"
        >
          test
        </span>
      </div>
    </div>
    <div
      className=""
    >
      <span
        className="MuiSwitch-root c8 DarkModeSwitch"
      >
        <span
          aria-disabled={false}
          className="MuiButtonBase-root MuiIconButton-root PrivateSwitchBase-root-1 MuiSwitch-switchBase MuiSwitch-colorPrimary"
          onBlur={[Function]}
          onDragLeave={[Function]}
          onFocus={[Function]}
          onKeyDown={[Function]}
          onKeyUp={[Function]}
          onMouseDown={[Function]}
          onMouseLeave={[Function]}
          onMouseUp={[Function]}
          onTouchEnd={[Function]}
          onTouchMove={[Function]}
          onTouchStart={[Function]}
          tabIndex={null}
        >
          <span
            className="MuiIconButton-label"
          >
            <input
              checked={false}
              className="PrivateSwitchBase-input-4 MuiSwitch-input"
              onChange={[Function]}
              type="checkbox"
            />
            <span
              className="MuiSwitch-thumb"
            />
          </span>
          <span
            className="MuiTouchRipple-root"
          />
        </span>
        <span
          className="MuiSwitch-track"
        />
      </span>
      <button
        aria-describedby={null}
        aria-haspopup="true"
        className="MuiButtonBase-root MuiIconButton-root c9"
        disabled={false}
        onBlur={[Function]}
        onClick={[Function]}
        onDragLeave={[Function]}
        onFocus={[Function]}
        onKeyDown={[Function]}
        onKeyUp={[Function]}
        onMouseDown={[Function]}
        onMouseLeave={[Function]}
        onMouseOver={[Function]}
        onMouseUp={[Function]}
        onTouchEnd={[Function]}
        onTouchMove={[Function]}
        onTouchStart={[Function]}
        open={false}
        tabIndex={0}
        title="Account settings"
        type="button"
      >
        <span
          className="MuiIconButton-label"
        >
          <div
            className="c4 c10"
          >
            <svg
              aria-hidden={true}
              className="MuiSvgIcon-root"
              focusable="false"
              viewBox="0 0 24 24"
            >
              <path
                d="M12 12c2.21 0 4-1.79 4-4s-1.79-4-4-4-4 1.79-4 4 1.79 4 4 4zm0 2c-2.67 0-8 1.34-8 4v2h16v-2c0-2.66-5.33-4-8-4z"
              />
            </svg>
          </div>
        </span>
        <span
          className="MuiTouchRipple-root"
        />
      </button>
    </div>
  </div>
  <div
    className="c11"
  >
    <div
      className="c12 c13 c14"
    >
      <div
        className="c15 c16"
      />
    </div>
  </div>
</div>
`;
