// Jest Snapshot v1, https://goo.gl/fbAQLP

exports[`YamlView snapshots renders 1`] = `
.c4 {
  display: -webkit-box;
  display: -webkit-flex;
  display: -ms-flexbox;
  display: flex;
  -webkit-flex-direction: row;
  -ms-flex-direction: row;
  flex-direction: row;
  -webkit-align-items: center;
  -webkit-box-align: center;
  -ms-flex-align: center;
  align-items: center;
}

.c5 svg {
  height: 12px;
  width: 12px;
}

.c5 svg path.path-fill,
.c5 svg line.path-fill,
.c5 svg polygon.path-fill,
.c5 svg rect.path-fill,
.c5 svg circle.path-fill,
.c5 svg polyline.path-fill {
  fill: !important;
  -webkit-transition: fill 200ms cubic-bezier(0.4,0,0.2,1) 0ms;
  transition: fill 200ms cubic-bezier(0.4,0,0.2,1) 0ms;
}

.c5 svg path.stroke-fill,
.c5 svg line.stroke-fill,
.c5 svg polygon.stroke-fill,
.c5 svg rect.stroke-fill,
.c5 svg circle.stroke-fill,
.c5 svg polyline.stroke-fill {
  stroke: !important;
  -webkit-transition: stroke 200ms cubic-bezier(0.4,0,0.2,1) 0ms;
  transition: stroke 200ms cubic-bezier(0.4,0,0.2,1) 0ms;
}

.c5 svg rect.rect-height {
  height: 12px;
  width: 12px;
}

.c5.downward {
  -webkit-transform: rotate(180deg);
  -ms-transform: rotate(180deg);
  transform: rotate(180deg);
}

.c5.upward {
  -webkit-transform: initial;
  -ms-transform: initial;
  transform: initial;
}

.c5 img {
  width: 12px;
}

.c2.MuiButton-root {
  border-radius: 50%;
  min-width: 38px;
  height: 38px;
  padding: 0;
  margin-right: 0;
}

.c2.MuiButton-text {
  padding: 0;
}

.c3.MuiButton-outlinedPrimary {
  margin-left: 4px;
  padding: 4px;
}

.c3.MuiButton-root {
  height: initial;
  width: initial;
  min-width: 0px;
}

.c1 {
  background: #F6F7F9;
  padding: 12px;
  width: 100%;
  border-bottom: 1px solid #d8d8d8;
  font-family: monospace;
  color: #009CCC;
  text-overflow: ellipsis;
}

.c0 {
  margin-bottom: 12px;
  width: 100%;
  font-size: 12px;
  border: 1px solid #d8d8d8;
  border-radius: 8px;
  overflow: hidden;
}

.c0 pre {
  padding: 24px 12px !important;
}

<div
  className="c0 UnstyledYamlView"
>
  <div
    className="c1"
  >
    kubectl get kustomization podinfo -n flux-system -o yaml
    <button
      className="MuiButtonBase-root MuiButton-root MuiButton-outlined c2 c3 yaml-copy MuiButton-outlinedPrimary MuiButton-disableElevation"
      disabled={false}
      onBlur={[Function]}
      onClick={[Function]}
      onDragLeave={[Function]}
      onFocus={[Function]}
      onKeyDown={[Function]}
      onKeyUp={[Function]}
      onMouseDown={[Function]}
      onMouseLeave={[Function]}
      onMouseUp={[Function]}
      onTouchEnd={[Function]}
      onTouchMove={[Function]}
      onTouchStart={[Function]}
      tabIndex={0}
      type="button"
    >
      <span
        className="MuiButton-label"
      >
        <div
          className="c4 c5"
        >
          <svg
            aria-hidden={true}
            className="MuiSvgIcon-root"
            focusable="false"
            viewBox="0 0 24 24"
          >
            <path
              d="M16 1H4c-1.1 0-2 .9-2 2v14h2V3h12V1zm-1 4H8c-1.1 0-1.99.9-1.99 2L6 21c0 1.1.89 2 1.99 2H19c1.1 0 2-.9 2-2V11l-6-6zM8 21V7h6v5h5v9H8z"
            />
          </svg>
        </div>
      </span>
    </button>
  </div>
  <pre
    style={
      Object {
        "MozHyphens": "none",
        "MozTabSize": "4",
        "OTabSize": "4",
        "WebkitHyphens": "none",
        "background": "#f5f2f0",
        "backgroundColor": "transparent",
        "color": "black",
        "fontFamily": "Consolas, Monaco, 'Andale Mono', 'Ubuntu Mono', monospace",
        "fontSize": "1em",
        "hyphens": "none",
        "lineHeight": "1.5",
        "margin": 0,
        "msHyphens": "none",
        "overflow": "auto",
        "padding": "1em",
        "tabSize": "4",
        "textAlign": "left",
        "textShadow": "0 1px white",
        "whiteSpace": "pre",
        "wordBreak": "normal",
        "wordSpacing": "normal",
        "wordWrap": "normal",
      }
    }
  >
    <code
      style={
        Object {
          "whiteSpace": "pre-wrap",
          "wordBreak": "break-word",
        }
      }
    >
      <span
        style={
          Object {
            "display": "flex",
            "flexWrap": "wrap",
          }
        }
      >
        <span
          className="linenumber react-syntax-highlighter-line-number"
          style={
            Object {
              "color": "slategray",
              "display": "inline-block",
              "minWidth": "1.25em",
              "paddingRight": "1em",
              "textAlign": "right",
              "userSelect": "none",
            }
          }
        >
          1
        </span>
        <span
          style={Object {}}
        >
          yaml\\nyaml\\nyaml\\n
        </span>
      </span>
    </code>
  </pre>
</div>
`;
